// Jest Snapshot v1, https://goo.gl/fbAQLP

exports[`works 1`] = `
"function square(_n) {
  return _n * _n;
}"
`;
